<html>
<body>
<pre>
<h1>礦ision Build Log</h1>
<h2>Tool Versions:</h2>
IDE-Version: μVision V5.20.0.0
Copyright (C) 2016 ARM Ltd and ARM Germany GmbH. All rights reserved.
License Information: 11 11, 11, LIC=D0DWF-6FVR5-FIC52-9HJ34-13VTC-NDMJW
 
Tool Versions:
Toolchain:       MDK-ARM Plus  Version: 5.20
Toolchain Path:  C:\Program Files (x86)\ARM\ARMCC\Bin
C Compiler:      Armcc.exe V5.06 update 2 (build 183)
Assembler:       Armasm.exe V5.06 update 2 (build 183)
Linker/Locator:  ArmLink.exe V5.06 update 2 (build 183)
Library Manager: ArmAr.exe V5.06 update 2 (build 183)
Hex Converter:   FromElf.exe V5.06 update 2 (build 183)
CPU DLL:         SARMCM3.DLL V5.20
Dialog DLL:      DARMCM1.DLL V1.14.0.0
Target DLL:      Segger\JL2CM3.dll V2.99.20.0
Dialog DLL:      TARMCM1.DLL V1.10.0.0
 
<h2>Project:</h2>
E:\大二下\单片机（刘龙）\DPL\finalproject\out\finalproject.uvprojx
Project File Date:  06/07/2017

<h2>Output:</h2>
*** Using Compiler 'V5.06 update 2 (build 183)', folder: 'C:\Program Files (x86)\ARM\ARMCC\Bin'
Rebuild target 'final'
compiling main.c...
..\src\UART.h(14): warning:  #1-D: last line of file ends without a newline
  #endif
..\src\ADC.h(11): warning:  #1-D: last line of file ends without a newline
  #endif
oleddelay.h(7): warning:  #1-D: last line of file ends without a newline
  #endif 
main.c: 3 warnings, 0 errors
compiling UART.c...
..\src\UART.h(14): warning:  #1-D: last line of file ends without a newline
  #endif
..\src\UART.c: 1 warning, 0 errors
compiling ADC.c...
..\src\ADC.h(11): warning:  #1-D: last line of file ends without a newline
  #endif
ADC.c(91): warning:  #1-D: last line of file ends without a newline
  	
ADC.c: 2 warnings, 0 errors
compiling Digital.c...
compiling INIT.c...
..\src\UART.h(14): warning:  #1-D: last line of file ends without a newline
  #endif
..\src\ADC.h(11): warning:  #1-D: last line of file ends without a newline
  #endif
INIT.c(121): warning:  #167-D: argument of type "unsigned char *" is incompatible with parameter of type "char *restrict"
  			sprintf(buff,"temperature : %f",result);
INIT.c(127): warning:  #167-D: argument of type "unsigned char *" is incompatible with parameter of type "char *restrict"
  			sprintf(buff,"temperature : %f",result);
INIT.c: 4 warnings, 0 errors
compiling oled.c...
oleddelay.h(7): warning:  #1-D: last line of file ends without a newline
  #endif 
oled.c(280): warning:  #1-D: last line of file ends without a newline
  }  
oled.c: 2 warnings, 0 errors
assembling startup_LPC11xx.s...
compiling oleddelay.c...
oleddelay.h(7): warning:  #1-D: last line of file ends without a newline
  #endif 
oleddelay.c(30): warning:  #1-D: last line of file ends without a newline
  }
oleddelay.c: 2 warnings, 0 errors
compiling system_LPC11xx.c...
linking...
Program Size: Code=10516 RO-data=2536 RW-data=824 ZI-data=680  
"..\finalproject.axf" - 0 Error(s), 14 Warning(s).

<h2>Software Packages used:</h2>

Package Vendor: ARM
                http://www.keil.com/pack/ARM.CMSIS.4.5.0.pack
                ARM::CMSIS:CORE:4.3.0
                CMSIS (Cortex Microcontroller Software Interface Standard)
   * Component: CORE Version: 4.3.0

Package Vendor: Keil
                http://www.keil.com/pack/Keil.LPC1100_DFP.1.4.0.pack
                Keil::Device:Startup:1.0.0
                NXP LPC1100 Series Device Support
   * Component: Startup Version: 1.0.0

<h2>Collection of Component include folders:</h2>
  E:\大二下\单片机（刘龙）\DPL\finalproject\out\RTE
  C:\Program Files (x86)\ARM\PACK\ARM\CMSIS\4.5.0\CMSIS\Include
  C:\Program Files (x86)\ARM\PACK\Keil\LPC1100_DFP\1.4.0\Device\Include\LPC11xx

<h2>Collection of Component Files used:</h2>

   * Component: ARM::CMSIS:CORE:4.3.0

   * Component: Keil::Device:Startup:1.0.0
      Source file:   Device\Source\ARM\startup_LPC11xx.s
      Source file:   Device\Source\system_LPC11xx.c
Build Time Elapsed:  00:00:02
</pre>
</body>
</html>
