Component: ARM Compiler 5.06 update 2 (build 183) Tool: armlink [4d35b7]

==============================================================================

Section Cross References

    main.o(i.main) refers to init.o(i.SYSINIT) for SYSINIT
    main.o(i.main) refers to adc.o(i.ADCData) for ADCData
    main.o(i.main) refers to init.o(i.resultmode) for resultmode
    main.o(i.main) refers to uart.o(i.Judge) for Judge
    main.o(i.main) refers to init.o(i.translation) for translation
    main.o(i.main) refers to init.o(.data) for result
    adc.o(i.ADCData) refers to aeabi_sdiv.o(.text) for __aeabi_uidivmod
    adc.o(i.ADCData) refers to adc.o(.data) for temp
    adc.o(i.ADCData) refers to init.o(.data) for result
    adc.o(i.ADC_Init) refers to aeabi_sdiv.o(.text) for __aeabi_uidivmod
    adc.o(i.ADC_Init) refers to system_lpc11xx.o(.data) for SystemCoreClock
    uart.o(i.Judge) refers to _printf_pad.o(.text) for _printf_pre_padding
    uart.o(i.Judge) refers to _printf_percent.o(.ARM.Collect$$_printf_percent$$00000000) for _printf_percent
    uart.o(i.Judge) refers to _printf_d.o(.ARM.Collect$$_printf_percent$$00000009) for _printf_d
    uart.o(i.Judge) refers to _printf_dec.o(.text) for _printf_int_dec
    uart.o(i.Judge) refers to noretval__2sprintf.o(.text) for __2sprintf
    uart.o(i.Judge) refers to uart.o(i.UART_SendStr) for UART_SendStr
    uart.o(i.Judge) refers to dflti.o(.text) for __aeabi_i2d
    uart.o(i.Judge) refers to dmul.o(.text) for __aeabi_dmul
    uart.o(i.Judge) refers to daddsub.o(.text) for __aeabi_dadd
    uart.o(i.Judge) refers to dfixi.o(.text) for __aeabi_d2iz
    uart.o(i.Judge) refers to init.o(.data) for trans
    uart.o(i.Judge) refers to uart.o(.bss) for GcRcvBuf
    uart.o(i.UART_Init) refers to aeabi_sdiv.o(.text) for __aeabi_uidivmod
    uart.o(i.UART_Init) refers to system_lpc11xx.o(.data) for SystemCoreClock
    uart.o(i.UART_SendStr) refers to uart.o(i.UART_SendByte) for UART_SendByte
    init.o(i.PIOINT3_IRQHandler) refers to init.o(i.Delay) for Delay
    init.o(i.PIOINT3_IRQHandler) refers to init.o(i.mode) for mode
    init.o(i.PIOINT3_IRQHandler) refers to init.o(.data) for flag
    init.o(i.SYSINIT) refers to adc.o(i.ADC_Init) for ADC_Init
    init.o(i.SYSINIT) refers to uart.o(i.UART_Init) for UART_Init
    init.o(i.SYSINIT) refers to init.o(i.INT3) for INT3
    init.o(i.SYSINIT) refers to init.o(i.MYGPIOINIT) for MYGPIOINIT
    init.o(i.mode) refers to init.o(.data) for flag
    init.o(i.resultmode) refers to init.o(.data) for flag
    init.o(i.translation) refers to dflti.o(.text) for __aeabi_i2d
    init.o(i.translation) refers to dmul.o(.text) for __aeabi_dmul
    init.o(i.translation) refers to daddsub.o(.text) for __aeabi_dadd
    init.o(i.translation) refers to dfixi.o(.text) for __aeabi_d2iz
    init.o(i.translation) refers to init.o(.data) for trans
    startup_lpc11xx.o(STACK) refers (Special) to heapauxi.o(.text) for __use_two_region_memory
    startup_lpc11xx.o(HEAP) refers (Special) to heapauxi.o(.text) for __use_two_region_memory
    startup_lpc11xx.o(RESET) refers (Special) to heapauxi.o(.text) for __use_two_region_memory
    startup_lpc11xx.o(RESET) refers to startup_lpc11xx.o(STACK) for __initial_sp
    startup_lpc11xx.o(RESET) refers to startup_lpc11xx.o(.text) for Reset_Handler
    startup_lpc11xx.o(RESET) refers to init.o(i.PIOINT3_IRQHandler) for PIOINT3_IRQHandler
    startup_lpc11xx.o(.ARM.__at_0x02FC) refers (Special) to heapauxi.o(.text) for __use_two_region_memory
    startup_lpc11xx.o(.text) refers (Special) to heapauxi.o(.text) for __use_two_region_memory
    startup_lpc11xx.o(.text) refers to system_lpc11xx.o(i.SystemInit) for SystemInit
    startup_lpc11xx.o(.text) refers to __main.o(!!!main) for __main
    startup_lpc11xx.o(.text) refers to startup_lpc11xx.o(HEAP) for Heap_Mem
    startup_lpc11xx.o(.text) refers to startup_lpc11xx.o(STACK) for Stack_Mem
    system_lpc11xx.o(i.SystemCoreClockUpdate) refers to system_lpc11xx.o(i.__ARM_common_switch8) for __ARM_common_switch8
    system_lpc11xx.o(i.SystemCoreClockUpdate) refers to aeabi_sdiv.o(.text) for __aeabi_uidivmod
    system_lpc11xx.o(i.SystemCoreClockUpdate) refers to system_lpc11xx.o(.data) for SystemCoreClock
    __2sprintf.o(.text) refers to _printf_char_common.o(.text) for _printf_char_common
    __2sprintf.o(.text) refers to _sputc.o(.text) for _sputc
    noretval__2sprintf.o(.text) refers to _printf_char_common.o(.text) for _printf_char_common
    noretval__2sprintf.o(.text) refers to _sputc.o(.text) for _sputc
    __printf.o(.text) refers to _printf_percent.o(.ARM.Collect$$_printf_percent$$00000000) for _printf_percent
    _printf_dec.o(.text) refers to rtudiv10.o(.text) for __rt_udiv10
    _printf_dec.o(.text) refers to _printf_intcommon.o(.text) for _printf_int_common
    __printf_flags.o(.text) refers to _printf_percent.o(.ARM.Collect$$_printf_percent$$00000000) for _printf_percent
    __printf_flags.o(.text) refers to __printf_flags.o(.constdata) for .constdata
    __printf_ss.o(.text) refers to _printf_percent.o(.ARM.Collect$$_printf_percent$$00000000) for _printf_percent
    __printf_flags_ss.o(.text) refers to _printf_percent.o(.ARM.Collect$$_printf_percent$$00000000) for _printf_percent
    __printf_flags_ss.o(.text) refers to __printf_flags_ss.o(.constdata) for .constdata
    __printf_wp.o(.text) refers to __printf_wp.o(i._is_digit) for _is_digit
    __printf_wp.o(.text) refers to _printf_percent.o(.ARM.Collect$$_printf_percent$$00000000) for _printf_percent
    __printf_flags_wp.o(.text) refers to __printf_wp.o(i._is_digit) for _is_digit
    __printf_flags_wp.o(.text) refers to _printf_percent.o(.ARM.Collect$$_printf_percent$$00000000) for _printf_percent
    __printf_flags_wp.o(.text) refers to __printf_flags_wp.o(.constdata) for .constdata
    __printf_ss_wp.o(.text) refers to __printf_wp.o(i._is_digit) for _is_digit
    __printf_ss_wp.o(.text) refers to _printf_percent.o(.ARM.Collect$$_printf_percent$$00000000) for _printf_percent
    __printf_flags_ss_wp.o(.text) refers to __printf_wp.o(i._is_digit) for _is_digit
    __printf_flags_ss_wp.o(.text) refers to _printf_percent.o(.ARM.Collect$$_printf_percent$$00000000) for _printf_percent
    __printf_flags_ss_wp.o(.text) refers to __printf_flags_ss_wp.o(.constdata) for .constdata
    _printf_d.o(.ARM.Collect$$_printf_percent$$00000009) refers (Weak) to _printf_dec.o(.text) for _printf_int_dec
    _printf_percent.o(.ARM.Collect$$_printf_percent$$00000000) refers (Special) to _printf_percent_end.o(.ARM.Collect$$_printf_percent$$00000017) for _printf_percent_end
    __main.o(!!!main) refers to __rtentry.o(.ARM.Collect$$rtentry$$00000000) for __rt_entry
    daddsub.o(.text) refers (Special) to usenofp.o(x$fpl$usenofp) for __I$use$fp
    dfixi.o(.text) refers (Special) to usenofp.o(x$fpl$usenofp) for __I$use$fp
    dflti.o(.text) refers (Special) to usenofp.o(x$fpl$usenofp) for __I$use$fp
    dmul.o(.text) refers (Special) to usenofp.o(x$fpl$usenofp) for __I$use$fp
    __rtentry.o(.ARM.Collect$$rtentry$$00000000) refers (Special) to __rtentry2.o(.ARM.Collect$$rtentry$$0000000A) for __rt_entry_li
    __rtentry.o(.ARM.Collect$$rtentry$$00000000) refers (Special) to __rtentry2.o(.ARM.Collect$$rtentry$$0000000D) for __rt_entry_main
    __rtentry.o(.ARM.Collect$$rtentry$$00000000) refers (Special) to __rtentry2.o(.ARM.Collect$$rtentry$$0000000C) for __rt_entry_postli_1
    __rtentry.o(.ARM.Collect$$rtentry$$00000000) refers (Special) to __rtentry2.o(.ARM.Collect$$rtentry$$00000009) for __rt_entry_postsh_1
    __rtentry.o(.ARM.Collect$$rtentry$$00000000) refers (Special) to __rtentry2.o(.ARM.Collect$$rtentry$$00000002) for __rt_entry_presh_1
    __rtentry.o(.ARM.Collect$$rtentry$$00000000) refers (Special) to __rtentry4.o(.ARM.Collect$$rtentry$$00000004) for __rt_entry_sh
    aeabi_idiv0_sigfpe.o(.text) refers to rt_div0.o(.text) for __rt_div0
    _printf_intcommon.o(.text) refers (Weak) to _printf_pad.o(.text) for _printf_pre_padding
    _printf_intcommon.o(.text) refers (Weak) to _printf_pad.o(.text) for _printf_pre_padding
    _printf_intcommon.o(.text) refers (Weak) to _printf_pad.o(.text) for _printf_post_padding
    _printf_char_common.o(.text) refers to __printf_wp.o(.text) for __printf
    __rtentry2.o(.ARM.Collect$$rtentry$$00000008) refers to boardinit2.o(.text) for _platform_post_stackheap_init
    __rtentry2.o(.ARM.Collect$$rtentry$$0000000A) refers to libinit.o(.ARM.Collect$$libinit$$00000000) for __rt_lib_init
    __rtentry2.o(.ARM.Collect$$rtentry$$0000000B) refers to boardinit3.o(.text) for _platform_post_lib_init
    __rtentry2.o(.ARM.Collect$$rtentry$$0000000D) refers to main.o(i.main) for main
    __rtentry2.o(.ARM.Collect$$rtentry$$0000000D) refers to exit.o(.text) for exit
    __rtentry2.o(.ARM.exidx) refers to __rtentry2.o(.ARM.Collect$$rtentry$$00000001) for .ARM.Collect$$rtentry$$00000001
    __rtentry2.o(.ARM.exidx) refers to __rtentry2.o(.ARM.Collect$$rtentry$$00000008) for .ARM.Collect$$rtentry$$00000008
    __rtentry2.o(.ARM.exidx) refers to __rtentry2.o(.ARM.Collect$$rtentry$$0000000A) for .ARM.Collect$$rtentry$$0000000A
    __rtentry2.o(.ARM.exidx) refers to __rtentry2.o(.ARM.Collect$$rtentry$$0000000B) for .ARM.Collect$$rtentry$$0000000B
    __rtentry2.o(.ARM.exidx) refers to __rtentry2.o(.ARM.Collect$$rtentry$$0000000D) for .ARM.Collect$$rtentry$$0000000D
    __rtentry4.o(.ARM.Collect$$rtentry$$00000004) refers to sys_stackheap_outer.o(.text) for __user_setup_stackheap
    __rtentry4.o(.ARM.exidx) refers to __rtentry4.o(.ARM.Collect$$rtentry$$00000004) for .ARM.Collect$$rtentry$$00000004
    rt_div0.o(.text) refers to defsig_fpe_outer.o(.text) for __rt_SIGFPE
    sys_stackheap_outer.o(.text) refers to libspace.o(.text) for __user_perproc_libspace
    sys_stackheap_outer.o(.text) refers to startup_lpc11xx.o(.text) for __user_initial_stackheap
    sys_stackheap_outer.o(__vectab_stack_and_reset_area) refers to tempstk.o(.text) for __temporary_stack_top
    sys_stackheap_outer.o(__vectab_stack_and_reset_area) refers to __main.o(!!!main) for __main
    exit.o(.text) refers to rtexit.o(.ARM.Collect$$rtexit$$00000000) for __rt_exit
    defsig_fpe_outer.o(.text) refers to defsig_fpe_inner.o(.text) for __rt_SIGFPE_inner
    defsig_fpe_outer.o(.text) refers to defsig_exit.o(.text) for __sig_exit
    defsig_fpe_formal.o(.text) refers to rt_raise.o(.text) for __rt_raise
    libinit.o(.ARM.Collect$$libinit$$00000000) refers (Special) to libinit2.o(.ARM.Collect$$libinit$$0000002E) for __rt_lib_init_alloca_1
    libinit.o(.ARM.Collect$$libinit$$00000000) refers (Special) to libinit2.o(.ARM.Collect$$libinit$$0000002C) for __rt_lib_init_argv_1
    libinit.o(.ARM.Collect$$libinit$$00000000) refers (Special) to libinit2.o(.ARM.Collect$$libinit$$0000001B) for __rt_lib_init_atexit_1
    libinit.o(.ARM.Collect$$libinit$$00000000) refers (Special) to libinit2.o(.ARM.Collect$$libinit$$00000021) for __rt_lib_init_clock_1
    libinit.o(.ARM.Collect$$libinit$$00000000) refers (Special) to libinit2.o(.ARM.Collect$$libinit$$00000032) for __rt_lib_init_cpp_1
    libinit.o(.ARM.Collect$$libinit$$00000000) refers (Special) to libinit2.o(.ARM.Collect$$libinit$$00000030) for __rt_lib_init_exceptions_1
    libinit.o(.ARM.Collect$$libinit$$00000000) refers (Special) to libinit2.o(.ARM.Collect$$libinit$$00000002) for __rt_lib_init_fp_1
    libinit.o(.ARM.Collect$$libinit$$00000000) refers (Special) to libinit2.o(.ARM.Collect$$libinit$$0000001F) for __rt_lib_init_fp_trap_1
    libinit.o(.ARM.Collect$$libinit$$00000000) refers (Special) to libinit2.o(.ARM.Collect$$libinit$$00000023) for __rt_lib_init_getenv_1
    libinit.o(.ARM.Collect$$libinit$$00000000) refers (Special) to libinit2.o(.ARM.Collect$$libinit$$0000000A) for __rt_lib_init_heap_1
    libinit.o(.ARM.Collect$$libinit$$00000000) refers (Special) to libinit2.o(.ARM.Collect$$libinit$$00000011) for __rt_lib_init_lc_collate_1
    libinit.o(.ARM.Collect$$libinit$$00000000) refers (Special) to libinit2.o(.ARM.Collect$$libinit$$00000013) for __rt_lib_init_lc_ctype_1
    libinit.o(.ARM.Collect$$libinit$$00000000) refers (Special) to libinit2.o(.ARM.Collect$$libinit$$00000015) for __rt_lib_init_lc_monetary_1
    libinit.o(.ARM.Collect$$libinit$$00000000) refers (Special) to libinit2.o(.ARM.Collect$$libinit$$00000017) for __rt_lib_init_lc_numeric_1
    libinit.o(.ARM.Collect$$libinit$$00000000) refers (Special) to libinit2.o(.ARM.Collect$$libinit$$00000019) for __rt_lib_init_lc_time_1
    libinit.o(.ARM.Collect$$libinit$$00000000) refers (Special) to libinit2.o(.ARM.Collect$$libinit$$00000004) for __rt_lib_init_preinit_1
    libinit.o(.ARM.Collect$$libinit$$00000000) refers (Special) to libinit2.o(.ARM.Collect$$libinit$$0000000E) for __rt_lib_init_rand_1
    libinit.o(.ARM.Collect$$libinit$$00000000) refers (Special) to libinit2.o(.ARM.Collect$$libinit$$00000033) for __rt_lib_init_return
    libinit.o(.ARM.Collect$$libinit$$00000000) refers (Special) to libinit2.o(.ARM.Collect$$libinit$$0000001D) for __rt_lib_init_signal_1
    libinit.o(.ARM.Collect$$libinit$$00000000) refers (Special) to libinit2.o(.ARM.Collect$$libinit$$00000025) for __rt_lib_init_stdio_1
    libinit.o(.ARM.Collect$$libinit$$00000000) refers (Special) to libinit2.o(.ARM.Collect$$libinit$$0000000C) for __rt_lib_init_user_alloc_1
    libspace.o(.text) refers to libspace.o(.bss) for __libspace_start
    rtexit.o(.ARM.Collect$$rtexit$$00000000) refers (Special) to rtexit2.o(.ARM.Collect$$rtexit$$00000004) for __rt_exit_exit
    rtexit.o(.ARM.Collect$$rtexit$$00000000) refers (Special) to rtexit2.o(.ARM.Collect$$rtexit$$00000003) for __rt_exit_ls
    rtexit.o(.ARM.Collect$$rtexit$$00000000) refers (Special) to rtexit2.o(.ARM.Collect$$rtexit$$00000002) for __rt_exit_prels_1
    rtexit.o(.ARM.exidx) refers (Special) to rtexit2.o(.ARM.Collect$$rtexit$$00000004) for __rt_exit_exit
    rtexit.o(.ARM.exidx) refers (Special) to rtexit2.o(.ARM.Collect$$rtexit$$00000003) for __rt_exit_ls
    rtexit.o(.ARM.exidx) refers (Special) to rtexit2.o(.ARM.Collect$$rtexit$$00000002) for __rt_exit_prels_1
    rtexit.o(.ARM.exidx) refers to rtexit.o(.ARM.Collect$$rtexit$$00000000) for .ARM.Collect$$rtexit$$00000000
    rt_raise.o(.text) refers to __raise.o(.text) for __raise
    rt_raise.o(.text) refers to sys_exit.o(.text) for _sys_exit
    defsig_exit.o(.text) refers to sys_exit.o(.text) for _sys_exit
    defsig_fpe_inner.o(.text) refers to defsig_general.o(.text) for __default_signal_display
    libinit2.o(.ARM.Collect$$libinit$$00000010) refers to libinit2.o(.ARM.Collect$$libinit$$0000000F) for .ARM.Collect$$libinit$$0000000F
    libinit2.o(.ARM.Collect$$libinit$$00000012) refers to libinit2.o(.ARM.Collect$$libinit$$0000000F) for .ARM.Collect$$libinit$$0000000F
    libinit2.o(.ARM.Collect$$libinit$$00000014) refers to libinit2.o(.ARM.Collect$$libinit$$0000000F) for .ARM.Collect$$libinit$$0000000F
    libinit2.o(.ARM.Collect$$libinit$$00000016) refers to libinit2.o(.ARM.Collect$$libinit$$0000000F) for .ARM.Collect$$libinit$$0000000F
    libinit2.o(.ARM.Collect$$libinit$$00000018) refers to libinit2.o(.ARM.Collect$$libinit$$0000000F) for .ARM.Collect$$libinit$$0000000F
    libinit2.o(.ARM.Collect$$libinit$$00000026) refers to argv_veneer.o(.text) for __ARM_argv_veneer
    libinit2.o(.ARM.Collect$$libinit$$00000027) refers to argv_veneer.o(.text) for __ARM_argv_veneer
    sys_exit.o(.text) refers (Special) to use_no_semi.o(.text) for __I$use$semihosting
    sys_exit.o(.text) refers (Special) to indicate_semi.o(.text) for __semihosting_library_function
    rtexit2.o(.ARM.Collect$$rtexit$$00000003) refers to libshutdown.o(.ARM.Collect$$libshutdown$$00000000) for __rt_lib_shutdown
    rtexit2.o(.ARM.Collect$$rtexit$$00000004) refers to sys_exit.o(.text) for _sys_exit
    rtexit2.o(.ARM.exidx) refers to rtexit2.o(.ARM.Collect$$rtexit$$00000001) for .ARM.Collect$$rtexit$$00000001
    rtexit2.o(.ARM.exidx) refers to rtexit2.o(.ARM.Collect$$rtexit$$00000003) for .ARM.Collect$$rtexit$$00000003
    rtexit2.o(.ARM.exidx) refers to rtexit2.o(.ARM.Collect$$rtexit$$00000004) for .ARM.Collect$$rtexit$$00000004
    __raise.o(.text) refers to defsig.o(CL$$defsig) for __default_signal_handler
    defsig_general.o(.text) refers to sys_wrch.o(.text) for _ttywrch
    sys_wrch.o(.text) refers (Special) to use_no_semi.o(.text) for __I$use$semihosting
    sys_wrch.o(.text) refers (Special) to indicate_semi.o(.text) for __semihosting_library_function
    defsig.o(CL$$defsig) refers to defsig_fpe_inner.o(.text) for __rt_SIGFPE_inner
    defsig.o(CL$$defsig) refers to defsig_rtmem_inner.o(.text) for __rt_SIGRTMEM_inner
    _get_argv_nomalloc.o(.text) refers (Special) to hrguard.o(.text) for __heap_region$guard
    _get_argv_nomalloc.o(.text) refers to defsig_rtmem_outer.o(.text) for __rt_SIGRTMEM
    _get_argv_nomalloc.o(.text) refers to sys_command.o(.text) for _sys_command_string
    libshutdown.o(.ARM.Collect$$libshutdown$$00000000) refers (Special) to libshutdown2.o(.ARM.Collect$$libshutdown$$00000002) for __rt_lib_shutdown_cpp_1
    libshutdown.o(.ARM.Collect$$libshutdown$$00000000) refers (Special) to libshutdown2.o(.ARM.Collect$$libshutdown$$00000007) for __rt_lib_shutdown_fp_trap_1
    libshutdown.o(.ARM.Collect$$libshutdown$$00000000) refers (Special) to libshutdown2.o(.ARM.Collect$$libshutdown$$0000000F) for __rt_lib_shutdown_heap_1
    libshutdown.o(.ARM.Collect$$libshutdown$$00000000) refers (Special) to libshutdown2.o(.ARM.Collect$$libshutdown$$00000010) for __rt_lib_shutdown_return
    libshutdown.o(.ARM.Collect$$libshutdown$$00000000) refers (Special) to libshutdown2.o(.ARM.Collect$$libshutdown$$0000000A) for __rt_lib_shutdown_signal_1
    libshutdown.o(.ARM.Collect$$libshutdown$$00000000) refers (Special) to libshutdown2.o(.ARM.Collect$$libshutdown$$00000004) for __rt_lib_shutdown_stdio_1
    libshutdown.o(.ARM.Collect$$libshutdown$$00000000) refers (Special) to libshutdown2.o(.ARM.Collect$$libshutdown$$0000000C) for __rt_lib_shutdown_user_alloc_1
    sys_command.o(.text) refers (Special) to use_no_semi.o(.text) for __I$use$semihosting
    sys_command.o(.text) refers (Special) to indicate_semi.o(.text) for __semihosting_library_function
    defsig_abrt_inner.o(.text) refers to defsig_general.o(.text) for __default_signal_display
    defsig_rtred_inner.o(.text) refers to defsig_general.o(.text) for __default_signal_display
    defsig_rtmem_inner.o(.text) refers to defsig_general.o(.text) for __default_signal_display
    defsig_rtmem_outer.o(.text) refers to defsig_rtmem_inner.o(.text) for __rt_SIGRTMEM_inner
    defsig_rtmem_outer.o(.text) refers to defsig_exit.o(.text) for __sig_exit
    defsig_rtmem_formal.o(.text) refers to rt_raise.o(.text) for __rt_raise
    defsig_stak_inner.o(.text) refers to defsig_general.o(.text) for __default_signal_display
    defsig_pvfn_inner.o(.text) refers to defsig_general.o(.text) for __default_signal_display
    defsig_cppl_inner.o(.text) refers to defsig_general.o(.text) for __default_signal_display
    defsig_segv_inner.o(.text) refers to defsig_general.o(.text) for __default_signal_display
    defsig_other.o(.text) refers to defsig_general.o(.text) for __default_signal_display


==============================================================================

Removing Unused input sections from the image.

    Removing main.o(.rev16_text), (4 bytes).
    Removing main.o(.revsh_text), (4 bytes).
    Removing adc.o(.rev16_text), (4 bytes).
    Removing adc.o(.revsh_text), (4 bytes).
    Removing adc.o(i.DelayADC), (32 bytes).
    Removing uart.o(.rev16_text), (4 bytes).
    Removing uart.o(.revsh_text), (4 bytes).
    Removing uart.o(i.UART_GetByte), (28 bytes).
    Removing init.o(.rev16_text), (4 bytes).
    Removing init.o(.revsh_text), (4 bytes).
    Removing init.o(i.KEYInit), (140 bytes).
    Removing system_lpc11xx.o(.rev16_text), (4 bytes).
    Removing system_lpc11xx.o(.revsh_text), (4 bytes).
    Removing system_lpc11xx.o(i.SystemCoreClockUpdate), (440 bytes).
    Removing system_lpc11xx.o(i.__ARM_common_switch8), (28 bytes).

15 unused section(s) (total 708 bytes) removed from the image.

==============================================================================

Memory Map of the image

  Image Entry point : 0x00000000

  Load Region LR_IROM1 (Base: 0x00000000, Size: 0x000013b8, Max: 0x00008000, ABSOLUTE)

    Execution Region ER_IROM1 (Base: 0x00000000, Size: 0x00001278, Max: 0x00008000, ABSOLUTE)

    Base Addr    Size         Type   Attr      Idx    E Section Name        Object

    0x00000000   0x000000c0   Data   RO          235    RESET               startup_lpc11xx.o
    0x000000c0   0x00000008   Code   RO          317  * !!!main             c_p.l(__main.o)
    0x000000c8   0x00000002   Code   RO          310    .ARM.Collect$$_printf_percent$$00000000  c_p.l(_printf_percent.o)
    0x000000ca   0x0000000a   Code   RO          309    .ARM.Collect$$_printf_percent$$00000009  c_p.l(_printf_d.o)
    0x000000d4   0x00000004   Code   RO          338    .ARM.Collect$$_printf_percent$$00000017  c_p.l(_printf_percent_end.o)
    0x000000d8   0x00000002   Code   RO          375    .ARM.Collect$$libinit$$00000000  c_p.l(libinit.o)
    0x000000da   0x00000000   Code   RO          389    .ARM.Collect$$libinit$$00000002  c_p.l(libinit2.o)
    0x000000da   0x00000000   Code   RO          391    .ARM.Collect$$libinit$$00000004  c_p.l(libinit2.o)
    0x000000da   0x00000000   Code   RO          394    .ARM.Collect$$libinit$$0000000A  c_p.l(libinit2.o)
    0x000000da   0x00000000   Code   RO          396    .ARM.Collect$$libinit$$0000000C  c_p.l(libinit2.o)
    0x000000da   0x00000000   Code   RO          398    .ARM.Collect$$libinit$$0000000E  c_p.l(libinit2.o)
    0x000000da   0x00000000   Code   RO          401    .ARM.Collect$$libinit$$00000011  c_p.l(libinit2.o)
    0x000000da   0x00000000   Code   RO          403    .ARM.Collect$$libinit$$00000013  c_p.l(libinit2.o)
    0x000000da   0x00000000   Code   RO          405    .ARM.Collect$$libinit$$00000015  c_p.l(libinit2.o)
    0x000000da   0x00000000   Code   RO          407    .ARM.Collect$$libinit$$00000017  c_p.l(libinit2.o)
    0x000000da   0x00000000   Code   RO          409    .ARM.Collect$$libinit$$00000019  c_p.l(libinit2.o)
    0x000000da   0x00000000   Code   RO          411    .ARM.Collect$$libinit$$0000001B  c_p.l(libinit2.o)
    0x000000da   0x00000000   Code   RO          413    .ARM.Collect$$libinit$$0000001D  c_p.l(libinit2.o)
    0x000000da   0x00000000   Code   RO          415    .ARM.Collect$$libinit$$0000001F  c_p.l(libinit2.o)
    0x000000da   0x00000000   Code   RO          417    .ARM.Collect$$libinit$$00000021  c_p.l(libinit2.o)
    0x000000da   0x00000000   Code   RO          419    .ARM.Collect$$libinit$$00000023  c_p.l(libinit2.o)
    0x000000da   0x00000000   Code   RO          421    .ARM.Collect$$libinit$$00000025  c_p.l(libinit2.o)
    0x000000da   0x00000000   Code   RO          425    .ARM.Collect$$libinit$$0000002C  c_p.l(libinit2.o)
    0x000000da   0x00000000   Code   RO          427    .ARM.Collect$$libinit$$0000002E  c_p.l(libinit2.o)
    0x000000da   0x00000000   Code   RO          429    .ARM.Collect$$libinit$$00000030  c_p.l(libinit2.o)
    0x000000da   0x00000000   Code   RO          431    .ARM.Collect$$libinit$$00000032  c_p.l(libinit2.o)
    0x000000da   0x00000002   Code   RO          432    .ARM.Collect$$libinit$$00000033  c_p.l(libinit2.o)
    0x000000dc   0x00000002   Code   RO          463    .ARM.Collect$$libshutdown$$00000000  c_p.l(libshutdown.o)
    0x000000de   0x00000000   Code   RO          489    .ARM.Collect$$libshutdown$$00000002  c_p.l(libshutdown2.o)
    0x000000de   0x00000000   Code   RO          491    .ARM.Collect$$libshutdown$$00000004  c_p.l(libshutdown2.o)
    0x000000de   0x00000000   Code   RO          494    .ARM.Collect$$libshutdown$$00000007  c_p.l(libshutdown2.o)
    0x000000de   0x00000000   Code   RO          497    .ARM.Collect$$libshutdown$$0000000A  c_p.l(libshutdown2.o)
    0x000000de   0x00000000   Code   RO          499    .ARM.Collect$$libshutdown$$0000000C  c_p.l(libshutdown2.o)
    0x000000de   0x00000000   Code   RO          502    .ARM.Collect$$libshutdown$$0000000F  c_p.l(libshutdown2.o)
    0x000000de   0x00000002   Code   RO          503    .ARM.Collect$$libshutdown$$00000010  c_p.l(libshutdown2.o)
    0x000000e0   0x00000000   Code   RO          327    .ARM.Collect$$rtentry$$00000000  c_p.l(__rtentry.o)
    0x000000e0   0x00000000   Code   RO          343    .ARM.Collect$$rtentry$$00000002  c_p.l(__rtentry2.o)
    0x000000e0   0x00000006   Code   RO          355    .ARM.Collect$$rtentry$$00000004  c_p.l(__rtentry4.o)
    0x000000e6   0x00000000   Code   RO          345    .ARM.Collect$$rtentry$$00000009  c_p.l(__rtentry2.o)
    0x000000e6   0x00000004   Code   RO          346    .ARM.Collect$$rtentry$$0000000A  c_p.l(__rtentry2.o)
    0x000000ea   0x00000000   Code   RO          348    .ARM.Collect$$rtentry$$0000000C  c_p.l(__rtentry2.o)
    0x000000ea   0x00000008   Code   RO          349    .ARM.Collect$$rtentry$$0000000D  c_p.l(__rtentry2.o)
    0x000000f2   0x00000002   Code   RO          380    .ARM.Collect$$rtexit$$00000000  c_p.l(rtexit.o)
    0x000000f4   0x00000000   Code   RO          436    .ARM.Collect$$rtexit$$00000002  c_p.l(rtexit2.o)
    0x000000f4   0x00000004   Code   RO          437    .ARM.Collect$$rtexit$$00000003  c_p.l(rtexit2.o)
    0x000000f8   0x00000006   Code   RO          438    .ARM.Collect$$rtexit$$00000004  c_p.l(rtexit2.o)
    0x000000fe   0x00000002   PAD
    0x00000100   0x00000034   Code   RO          237    .text               startup_lpc11xx.o
    0x00000134   0x00000028   Code   RO          281    .text               c_p.l(noretval__2sprintf.o)
    0x0000015c   0x0000004e   Code   RO          285    .text               c_p.l(_printf_pad.o)
    0x000001aa   0x00000002   PAD
    0x000001ac   0x0000006c   Code   RO          287    .text               c_p.l(_printf_dec.o)
    0x00000218   0x00000006   Code   RO          315    .text               c_p.l(heapauxi.o)
    0x0000021e   0x00000002   PAD
    0x00000220   0x0000006c   Code   RO          321    .text               fz_ps.l(dfixi.o)
    0x0000028c   0x00000058   Code   RO          323    .text               fz_ps.l(dflti.o)
    0x000002e4   0x0000000a   Code   RO          336    .text               c_p.l(_sputc.o)
    0x000002ee   0x00000002   PAD
    0x000002f0   0x00000008   Code   RO          376    .text               c_p.l(libspace.o)
    0x000002f8   0x00000002   Code   RO          452    .text               c_p.l(use_no_semi.o)
    0x000002fa   0x00000000   Code   RO          454    .text               c_p.l(indicate_semi.o)
    0x000002fa   0x00000000   Code   RO          341    x$fpl$usenofp       fz_ps.l(usenofp.o)
    0x000002fa   0x00000002   PAD
    0x000002fc   0x00000000   Data   RO          504    Region$$Table       anon$$obj.o
    0x000002fc   0x00000004   Code   RO          236    .ARM.__at_0x02FC    startup_lpc11xx.o
    0x00000300   0x0000010e   Code   RO          297    .text               c_p.l(__printf_wp.o)
    0x0000040e   0x0000015a   Code   RO          311    .text               c_p.l(aeabi_sdiv.o)
    0x00000568   0x00000358   Code   RO          319    .text               fz_ps.l(daddsub.o)
    0x000008c0   0x00000248   Code   RO          325    .text               fz_ps.l(dmul.o)
    0x00000b08   0x000000b0   Code   RO          332    .text               c_p.l(_printf_intcommon.o)
    0x00000bb8   0x00000030   Code   RO          334    .text               c_p.l(_printf_char_common.o)
    0x00000be8   0x00000028   Code   RO          339    .text               c_p.l(rtudiv10.o)
    0x00000c10   0x0000003e   Code   RO          361    .text               c_p.l(sys_stackheap_outer.o)
    0x00000c4e   0x00000010   Code   RO          364    .text               c_p.l(exit.o)
    0x00000c5e   0x00000002   PAD
    0x00000c60   0x0000000c   Code   RO          433    .text               c_p.l(sys_exit.o)
    0x00000c6c   0x000000a8   Code   RO           61    i.ADCData           adc.o
    0x00000d14   0x00000074   Code   RO           62    i.ADC_Init          adc.o
    0x00000d88   0x0000001e   Code   RO          155    i.Delay             init.o
    0x00000da6   0x00000002   PAD
    0x00000da8   0x0000004c   Code   RO          156    i.INT3              init.o
    0x00000df4   0x000000cc   Code   RO          100    i.Judge             uart.o
    0x00000ec0   0x0000006c   Code   RO          158    i.MYGPIOINIT        init.o
    0x00000f2c   0x0000005c   Code   RO          159    i.PIOINT3_IRQHandler  init.o
    0x00000f88   0x00000028   Code   RO          160    i.SYSINIT           init.o
    0x00000fb0   0x000000a0   Code   RO          246    i.SystemInit        system_lpc11xx.o
    0x00001050   0x000000a8   Code   RO          102    i.UART_Init         uart.o
    0x000010f8   0x00000018   Code   RO          103    i.UART_SendByte     uart.o
    0x00001110   0x0000001c   Code   RO          104    i.UART_SendStr      uart.o
    0x0000112c   0x0000000e   Code   RO          299    i._is_digit         c_p.l(__printf_wp.o)
    0x0000113a   0x00000002   PAD
    0x0000113c   0x00000020   Code   RO            3    i.main              main.o
    0x0000115c   0x00000074   Code   RO          161    i.mode              init.o
    0x000011d0   0x00000048   Code   RO          162    i.resultmode        init.o
    0x00001218   0x00000060   Code   RO          163    i.translation       init.o


    Execution Region RW_IRAM1 (Base: 0x10000000, Size: 0x000003b8, Max: 0x00002000, ABSOLUTE)

    Base Addr    Size         Type   Attr      Idx    E Section Name        Object

    0x10000000   0x0000012c   Data   RW           64    .data               adc.o
    0x1000012c   0x00000010   Data   RW          164    .data               init.o
    0x1000013c   0x00000004   Data   RW          247    .data               system_lpc11xx.o
    0x10000140   0x00000014   Zero   RW          105    .bss                uart.o
    0x10000154   0x00000060   Zero   RW          377    .bss                c_p.l(libspace.o)
    0x100001b4   0x00000004   PAD
    0x100001b8   0x00000000   Zero   RW          234    HEAP                startup_lpc11xx.o
    0x100001b8   0x00000200   Zero   RW          233    STACK               startup_lpc11xx.o

